// Jest Snapshot v1, https://goo.gl/fbAQLP

exports[`AppTooltipButton.vue should match snapshot 1`] = `<span class="v-tooltip v-tooltip--bottom"><!----><button type="button" class="v-btn v-btn--contained theme--light v-size--default primary" role="button" aria-haspopup="true" aria-expanded="false"><span class="v-btn__content"></span></button></span>`;
