// Jest Snapshot v1, https://goo.gl/fbAQLP

exports[`TheTopBar.vue should match snapshot 1`] = `
<header class="v-sheet theme--light v-toolbar v-toolbar--absolute v-toolbar--flat v-app-bar transparent" style="height: 64px; margin-top: 0px; transform: translateY(0px); left: 0px; right: 0px;" id="app-top-bar">
  <div class="v-toolbar__content" style="height: 64px;"><button type="button" class="v-app-bar__nav-icon v-btn v-btn--flat v-btn--icon v-btn--round theme--light v-size--default"><span class="v-btn__content"><i aria-hidden="true" class="v-icon notranslate mdi mdi-menu theme--light"></i></span></button>
    <div class="spacer"></div>
    <div class="v-menu"><button type="button" class="v-btn v-btn--flat v-btn--icon v-btn--round theme--light v-size--default" id="profile-menu-button" role="button" aria-haspopup="true" aria-expanded="false"><span class="v-btn__content"><div class="v-avatar" style="height: 32px; min-width: 32px; width: 32px;" item=""><div aria-label="Agustin De Luca" role="img" class="v-image v-responsive theme--light"><transition-stub name="fade-transition" mode="in-out"><div class="v-image__image v-image__image--preload v-image__image--cover" style="background-position: center center;"></div></transition-stub><div class="v-responsive__content"></div></div></div></span></button>
      <!---->
    </div>
  </div>
</header>
`;
